// Jest Snapshot v1, https://goo.gl/fbAQLP

exports[`QueueProcessingServiceStack matches snapshot 1`] = `
{
  "Outputs": {
    "DeadLetterQueueUrl": {
      "Value": {
        "Ref": "DeadLetterQueue9F481546",
      },
    },
    "QueueUrl": {
      "Value": {
        "Ref": "InputQueueFD90041C",
      },
    },
    "RepositoryUri": {
      "Value": {
        "Fn::Join": [
          "",
          [
            {
              "Ref": "AWS::AccountId",
            },
            ".dkr.ecr.",
            {
              "Ref": "AWS::Region",
            },
            ".",
            {
              "Ref": "AWS::URLSuffix",
            },
            "/templates/queue-processing-service",
          ],
        ],
      },
    },
  },
  "Parameters": {
    "BootstrapVersion": {
      "Default": "/cdk-bootstrap/hnb659fds/version",
      "Description": "Version of the CDK Bootstrap resources in this environment, automatically retrieved from SSM Parameter Store. [cdk:skip]",
      "Type": "AWS::SSM::Parameter::Value<String>",
    },
  },
  "Resources": {
    "BacklogPerTaskPolicy": {
      "Properties": {
        "PolicyName": "BacklogPerTask",
        "PolicyType": "TargetTrackingScaling",
        "ScalingTargetId": {
          "Ref": "TaskCountTarget3392C690",
        },
        "TargetTrackingScalingPolicyConfiguration": {
          "CustomizedMetricSpecification": {
            "Metrics": [
              {
                "Id": "messages",
                "MetricStat": {
                  "Metric": {
                    "Dimensions": [
                      {
                        "Name": "QueueName",
                        "Value": {
                          "Fn::GetAtt": [
                            "InputQueueFD90041C",
                            "QueueName",
                          ],
                        },
                      },
                    ],
                    "MetricName": "ApproximateNumberOfMessagesVisible",
                    "Namespace": "AWS/SQS",
                  },
                  "Stat": "Average",
                },
                "ReturnData": false,
              },
              {
                "Id": "tasks",
                "MetricStat": {
                  "Metric": {
                    "Dimensions": [
                      {
                        "Name": "ClusterName",
                        "Value": {
                          "Ref": "ClusterEB0386A7",
                        },
                      },
                      {
                        "Name": "ServiceName",
                        "Value": {
                          "Fn::GetAtt": [
                            "ServiceD69D759B",
                            "Name",
                          ],
                        },
                      },
                    ],
                    "MetricName": "RunningTaskCount",
                    "Namespace": "ECS/ContainerInsights",
                  },
                  "Stat": "Average",
                },
                "ReturnData": false,
              },
              {
                "Expression": "IF(tasks < 1, IF(messages > 0, 101, 0), messages / tasks)",
                "Id": "backlogPerTask",
                "ReturnData": true,
              },
            ],
          },
          "ScaleInCooldown": 600,
          "ScaleOutCooldown": 60,
          "TargetValue": 100,
        },
      },
      "Type": "AWS::ApplicationAutoScaling::ScalingPolicy",
    },
    "ClusterEB0386A7": {
      "Properties": {
        "ClusterSettings": [
          {
            "Name": "containerInsights",
            "Value": "enabled",
          },
        ],
      },
      "Type": "AWS::ECS::Cluster",
    },
    "DeadLetterQueue9F481546": {
      "DeletionPolicy": "Delete",
      "Properties": {
        "KmsMasterKeyId": "alias/aws/sqs",
        "MessageRetentionPeriod": 1209600,
      },
      "Type": "AWS::SQS::Queue",
      "UpdateReplacePolicy": "Delete",
    },
    "DeadLetterQueuePolicyB1FB890C": {
      "Properties": {
        "PolicyDocument": {
          "Statement": [
            {
              "Action": "sqs:*",
              "Condition": {
                "Bool": {
                  "aws:SecureTransport": "false",
                },
              },
              "Effect": "Deny",
              "Principal": {
                "AWS": "*",
              },
              "Resource": {
                "Fn::GetAtt": [
                  "DeadLetterQueue9F481546",
                  "Arn",
                ],
              },
            },
          ],
          "Version": "2012-10-17",
        },
        "Queues": [
          {
            "Ref": "DeadLetterQueue9F481546",
          },
        ],
      },
      "Type": "AWS::SQS::QueuePolicy",
    },
    "InputQueueFD90041C": {
      "DeletionPolicy": "Delete",
      "Properties": {
        "KmsMasterKeyId": "alias/aws/sqs",
        "RedrivePolicy": {
          "deadLetterTargetArn": {
            "Fn::GetAtt": [
              "DeadLetterQueue9F481546",
              "Arn",
            ],
          },
          "maxReceiveCount": 5,
        },
        "VisibilityTimeout": 300,
      },
      "Type": "AWS::SQS::Queue",
      "UpdateReplacePolicy": "Delete",
    },
    "InputQueuePolicyE289BDAA": {
      "Properties": {
        "PolicyDocument": {
          "Statement": [
            {
              "Action": "sqs:*",
              "Condition": {
                "Bool": {
                  "aws:SecureTransport": "false",
                },
              },
              "Effect": "Deny",
              "Principal": {
                "AWS": "*",
              },
              "Resource": {
                "Fn::GetAtt": [
                  "InputQueueFD90041C",
                  "Arn",
                ],
              },
            },
          ],
          "Version": "2012-10-17",
        },
        "Queues": [
          {
            "Ref": "InputQueueFD90041C",
          },
        ],
      },
      "Type": "AWS::SQS::QueuePolicy",
    },
    "LogGroupF5B46931": {
      "DeletionPolicy": "Delete",
      "Properties": {
        "RetentionInDays": 30,
      },
      "Type": "AWS::Logs::LogGroup",
      "UpdateReplacePolicy": "Delete",
    },
    "ServiceD69D759B": {
      "DependsOn": [
        "TaskDefinitionTaskRoleDefaultPolicy282E8624",
        "TaskDefinitionTaskRoleFD40A61D",
      ],
      "Properties": {
        "Cluster": {
          "Ref": "ClusterEB0386A7",
        },
        "DeploymentConfiguration": {
          "Alarms": {
            "AlarmNames": [],
            "Enable": false,
            "Rollback": false,
          },
          "MaximumPercent": 200,
          "MinimumHealthyPercent": 50,
        },
        "DesiredCount": 0,
        "EnableECSManagedTags": false,
        "LaunchType": "FARGATE",
        "NetworkConfiguration": {
          "AwsvpcConfiguration": {
            "AssignPublicIp": "DISABLED",
            "SecurityGroups": [
              {
                "Fn::GetAtt": [
                  "ServiceSecurityGroupC96ED6A7",
                  "GroupId",
                ],
              },
            ],
            "Subnets": [
              {
                "Fn::ImportValue": "TestVpcStack:ExportsOutputRefVpcprivateSubnet1SubnetCEAD37168693D373",
              },
              {
                "Fn::ImportValue": "TestVpcStack:ExportsOutputRefVpcprivateSubnet2Subnet2DE7549CDF5ACE3D",
              },
            ],
          },
        },
        "TaskDefinition": {
          "Ref": "TaskDefinitionB36D86D9",
        },
      },
      "Type": "AWS::ECS::Service",
    },
    "ServiceSecurityGroupC96ED6A7": {
      "DependsOn": [
        "TaskDefinitionTaskRoleDefaultPolicy282E8624",
        "TaskDefinitionTaskRoleFD40A61D",
      ],
      "Properties": {
        "GroupDescription": "TestStack/Service/SecurityGroup",
        "SecurityGroupEgress": [
          {
            "CidrIp": "0.0.0.0/0",
            "Description": "Allow all outbound traffic by default",
            "IpProtocol": "-1",
          },
        ],
        "VpcId": {
          "Fn::ImportValue": "TestVpcStack:ExportsOutputRefVpc8378EB38272D6E3A",
        },
      },
      "Type": "AWS::EC2::SecurityGroup",
    },
    "TaskCountTarget3392C690": {
      "Properties": {
        "MaxCapacity": 10,
        "MinCapacity": 0,
        "ResourceId": {
          "Fn::Join": [
            "",
            [
              "service/",
              {
                "Ref": "ClusterEB0386A7",
              },
              "/",
              {
                "Fn::GetAtt": [
                  "ServiceD69D759B",
                  "Name",
                ],
              },
            ],
          ],
        },
        "RoleARN": {
          "Fn::GetAtt": [
            "TaskCountTargetRole281F5A23",
            "Arn",
          ],
        },
        "ScalableDimension": "ecs:service:DesiredCount",
        "ServiceNamespace": "ecs",
      },
      "Type": "AWS::ApplicationAutoScaling::ScalableTarget",
    },
    "TaskCountTargetRole281F5A23": {
      "Properties": {
        "AssumeRolePolicyDocument": {
          "Statement": [
            {
              "Action": "sts:AssumeRole",
              "Effect": "Allow",
              "Principal": {
                "Service": "application-autoscaling.amazonaws.com",
              },
            },
          ],
          "Version": "2012-10-17",
        },
      },
      "Type": "AWS::IAM::Role",
    },
    "TaskCountTargetScaleInOnEmptyQueueLowerAlarm5343666A": {
      "Properties": {
        "AlarmActions": [
          {
            "Ref": "TaskCountTargetScaleInOnEmptyQueueLowerPolicyCAC04798",
          },
        ],
        "AlarmDescription": "Lower threshold scaling alarm",
        "ComparisonOperator": "LessThanOrEqualToThreshold",
        "DatapointsToAlarm": 15,
        "EvaluationPeriods": 15,
        "Metrics": [
          {
            "Expression": "visible + notVisible",
            "Id": "expr_1",
            "ReturnData": true,
          },
          {
            "Id": "visible",
            "MetricStat": {
              "Metric": {
                "Dimensions": [
                  {
                    "Name": "QueueName",
                    "Value": {
                      "Fn::GetAtt": [
                        "InputQueueFD90041C",
                        "QueueName",
                      ],
                    },
                  },
                ],
                "MetricName": "ApproximateNumberOfMessagesVisible",
                "Namespace": "AWS/SQS",
              },
              "Period": 60,
              "Stat": "Maximum",
            },
            "ReturnData": false,
          },
          {
            "Id": "notVisible",
            "MetricStat": {
              "Metric": {
                "Dimensions": [
                  {
                    "Name": "QueueName",
                    "Value": {
                      "Fn::GetAtt": [
                        "InputQueueFD90041C",
                        "QueueName",
                      ],
                    },
                  },
                ],
                "MetricName": "ApproximateNumberOfMessagesNotVisible",
                "Namespace": "AWS/SQS",
              },
              "Period": 60,
              "Stat": "Maximum",
            },
            "ReturnData": false,
          },
        ],
        "Threshold": 1,
      },
      "Type": "AWS::CloudWatch::Alarm",
    },
    "TaskCountTargetScaleInOnEmptyQueueLowerPolicyCAC04798": {
      "Properties": {
        "PolicyName": "TestStackTaskCountTargetScaleInOnEmptyQueueLowerPolicy1C6BD212",
        "PolicyType": "StepScaling",
        "ScalingTargetId": {
          "Ref": "TaskCountTarget3392C690",
        },
        "StepScalingPolicyConfiguration": {
          "AdjustmentType": "ChangeInCapacity",
          "Cooldown": 60,
          "StepAdjustments": [
            {
              "MetricIntervalUpperBound": 0,
              "ScalingAdjustment": -1000,
            },
          ],
        },
      },
      "Type": "AWS::ApplicationAutoScaling::ScalingPolicy",
    },
    "TaskDefinitionB36D86D9": {
      "Properties": {
        "ContainerDefinitions": [
          {
            "Environment": [
              {
                "Name": "AWS_REGION",
                "Value": {
                  "Ref": "AWS::Region",
                },
              },
              {
                "Name": "QUEUE_URL",
                "Value": {
                  "Ref": "InputQueueFD90041C",
                },
              },
            ],
            "Essential": true,
            "Image": {
              "Fn::Join": [
                "",
                [
                  {
                    "Ref": "AWS::AccountId",
                  },
                  ".dkr.ecr.",
                  {
                    "Ref": "AWS::Region",
                  },
                  ".",
                  {
                    "Ref": "AWS::URLSuffix",
                  },
                  "/templates/queue-processing-service:latest",
                ],
              ],
            },
            "LogConfiguration": {
              "LogDriver": "awslogs",
              "Options": {
                "awslogs-group": {
                  "Ref": "LogGroupF5B46931",
                },
                "awslogs-region": {
                  "Ref": "AWS::Region",
                },
                "awslogs-stream-prefix": "queue-processing-service",
              },
            },
            "Name": "Service",
            "StopTimeout": 120,
          },
        ],
        "Cpu": "256",
        "ExecutionRoleArn": {
          "Fn::GetAtt": [
            "TaskDefinitionExecutionRole8D61C2FB",
            "Arn",
          ],
        },
        "Family": "TestStackTaskDefinition24388BDF",
        "Memory": "512",
        "NetworkMode": "awsvpc",
        "RequiresCompatibilities": [
          "FARGATE",
        ],
        "RuntimePlatform": {
          "CpuArchitecture": "ARM64",
          "OperatingSystemFamily": "LINUX",
        },
        "TaskRoleArn": {
          "Fn::GetAtt": [
            "TaskDefinitionTaskRoleFD40A61D",
            "Arn",
          ],
        },
      },
      "Type": "AWS::ECS::TaskDefinition",
    },
    "TaskDefinitionExecutionRole8D61C2FB": {
      "Properties": {
        "AssumeRolePolicyDocument": {
          "Statement": [
            {
              "Action": "sts:AssumeRole",
              "Effect": "Allow",
              "Principal": {
                "Service": "ecs-tasks.amazonaws.com",
              },
            },
          ],
          "Version": "2012-10-17",
        },
      },
      "Type": "AWS::IAM::Role",
    },
    "TaskDefinitionExecutionRoleDefaultPolicy1F3406F5": {
      "Properties": {
        "PolicyDocument": {
          "Statement": [
            {
              "Action": [
                "ecr:BatchCheckLayerAvailability",
                "ecr:GetDownloadUrlForLayer",
                "ecr:BatchGetImage",
              ],
              "Effect": "Allow",
              "Resource": {
                "Fn::Join": [
                  "",
                  [
                    "arn:",
                    {
                      "Ref": "AWS::Partition",
                    },
                    ":ecr:",
                    {
                      "Ref": "AWS::Region",
                    },
                    ":",
                    {
                      "Ref": "AWS::AccountId",
                    },
                    ":repository/templates/queue-processing-service",
                  ],
                ],
              },
            },
            {
              "Action": "ecr:GetAuthorizationToken",
              "Effect": "Allow",
              "Resource": "*",
            },
            {
              "Action": [
                "logs:CreateLogStream",
                "logs:PutLogEvents",
              ],
              "Effect": "Allow",
              "Resource": {
                "Fn::GetAtt": [
                  "LogGroupF5B46931",
                  "Arn",
                ],
              },
            },
          ],
          "Version": "2012-10-17",
        },
        "PolicyName": "TaskDefinitionExecutionRoleDefaultPolicy1F3406F5",
        "Roles": [
          {
            "Ref": "TaskDefinitionExecutionRole8D61C2FB",
          },
        ],
      },
      "Type": "AWS::IAM::Policy",
    },
    "TaskDefinitionTaskRoleDefaultPolicy282E8624": {
      "Properties": {
        "PolicyDocument": {
          "Statement": [
            {
              "Action": [
                "sqs:ReceiveMessage",
                "sqs:ChangeMessageVisibility",
                "sqs:GetQueueUrl",
                "sqs:DeleteMessage",
                "sqs:GetQueueAttributes",
              ],
              "Effect": "Allow",
              "Resource": {
                "Fn::GetAtt": [
                  "InputQueueFD90041C",
                  "Arn",
                ],
              },
            },
            {
              "Action": "cloudwatch:PutMetricData",
              "Condition": {
                "StringEquals": {
                  "cloudwatch:namespace": "QueueProcessingService",
                },
              },
              "Effect": "Allow",
              "Resource": "*",
            },
          ],
          "Version": "2012-10-17",
        },
        "PolicyName": "TaskDefinitionTaskRoleDefaultPolicy282E8624",
        "Roles": [
          {
            "Ref": "TaskDefinitionTaskRoleFD40A61D",
          },
        ],
      },
      "Type": "AWS::IAM::Policy",
    },
    "TaskDefinitionTaskRoleFD40A61D": {
      "Properties": {
        "AssumeRolePolicyDocument": {
          "Statement": [
            {
              "Action": "sts:AssumeRole",
              "Effect": "Allow",
              "Principal": {
                "Service": "ecs-tasks.amazonaws.com",
              },
            },
          ],
          "Version": "2012-10-17",
        },
      },
      "Type": "AWS::IAM::Role",
    },
  },
  "Rules": {
    "CheckBootstrapVersion": {
      "Assertions": [
        {
          "Assert": {
            "Fn::Not": [
              {
                "Fn::Contains": [
                  [
                    "1",
                    "2",
                    "3",
                    "4",
                    "5",
                  ],
                  {
                    "Ref": "BootstrapVersion",
                  },
                ],
              },
            ],
          },
          "AssertDescription": "CDK bootstrap stack version 6 required. Please run 'cdk bootstrap' with a recent version of the CDK CLI.",
        },
      ],
    },
  },
}
`;
